// Jest Snapshot v1, https://goo.gl/fbAQLP

exports[`renders correctly 1`] = `
<View>
  <View
    style={
      Object {
        "height": "100%",
        "paddingTop": 30,
      }
    }
  >
    <View
      onLayout={[Function]}
      style={
        Array [
          undefined,
          Object {
            "flex": 1,
            "overflow": "hidden",
          },
        ]
      }
    >
      <View
        style={
          Object {
            "backgroundColor": "#f4f4f4",
            "flex": 1,
            "marginTop": 104,
          }
        }
      >
        <View>
          <Text
            accessible={true}
            allowFontScaling={true}
            ellipsizeMode="tail"
          >
            You have no events.
          </Text>
        </View>
      </View>
      <View
        style={
          Object {
            "bottom": 1230,
            "height": 0,
            "justifyContent": "flex-end",
            "overflow": "hidden",
            "position": "absolute",
            "transform": Array [
              Object {
                "translateY": 1230,
              },
            ],
            "width": "100%",
          }
        }
      >
        <View
          style={
            Object {
              "flex": 1,
              "transform": Array [
                Object {
                  "translateY": 0,
                },
              ],
            }
          }
        />
        <View
          style={
            Object {
              "alignItems": "center",
              "backgroundColor": "#ffffff",
              "bottom": 0,
              "flex": 1,
              "height": 24,
              "left": 0,
              "position": "absolute",
              "right": 0,
            }
          }
        >
          <View>
            <View
              style={
                Object {
                  "backgroundColor": "#f2F4f5",
                  "borderRadius": 3,
                  "height": 7,
                  "marginTop": 10,
                  "width": 38,
                }
              }
            />
          </View>
        </View>
      </View>
      <View
        style={
          Object {
            "backgroundColor": "#ffffff",
            "flexDirection": "row",
            "height": 104,
            "justifyContent": "space-around",
            "left": 0,
            "marginLeft": 15,
            "marginRight": 15,
            "opacity": 0,
            "paddingBottom": 7,
            "paddingTop": 15,
            "position": "absolute",
            "right": 0,
            "top": 0,
            "transform": Array [
              Object {
                "translateY": -104,
              },
            ],
          }
        }
      >
        <Text
          accessible={true}
          allowFontScaling={false}
          ellipsizeMode="tail"
          numberOfLines={1}
          style={
            Object {
              "color": "#b6c1cd",
              "fontSize": 13,
              "textAlign": "center",
              "width": 32,
            }
          }
        />
        <Text
          accessible={true}
          allowFontScaling={false}
          ellipsizeMode="tail"
          numberOfLines={1}
          style={
            Object {
              "color": "#b6c1cd",
              "fontSize": 13,
              "textAlign": "center",
              "width": 32,
            }
          }
        >
          Mon
        </Text>
        <Text
          accessible={true}
          allowFontScaling={false}
          ellipsizeMode="tail"
          numberOfLines={1}
          style={
            Object {
              "color": "#b6c1cd",
              "fontSize": 13,
              "textAlign": "center",
              "width": 32,
            }
          }
        >
          Tue
        </Text>
        <Text
          accessible={true}
          allowFontScaling={false}
          ellipsizeMode="tail"
          numberOfLines={1}
          style={
            Object {
              "color": "#b6c1cd",
              "fontSize": 13,
              "textAlign": "center",
              "width": 32,
            }
          }
        >
          Wed
        </Text>
        <Text
          accessible={true}
          allowFontScaling={false}
          ellipsizeMode="tail"
          numberOfLines={1}
          style={
            Object {
              "color": "#b6c1cd",
              "fontSize": 13,
              "textAlign": "center",
              "width": 32,
            }
          }
        >
          Thu
        </Text>
        <Text
          accessible={true}
          allowFontScaling={false}
          ellipsizeMode="tail"
          numberOfLines={1}
          style={
            Object {
              "color": "#b6c1cd",
              "fontSize": 13,
              "textAlign": "center",
              "width": 32,
            }
          }
        >
          Fri
        </Text>
        <Text
          accessible={true}
          allowFontScaling={false}
          ellipsizeMode="tail"
          numberOfLines={1}
          style={
            Object {
              "color": "#b6c1cd",
              "fontSize": 13,
              "textAlign": "center",
              "width": 32,
            }
          }
        >
          Sat
        </Text>
        <Text
          accessible={true}
          allowFontScaling={false}
          ellipsizeMode="tail"
          numberOfLines={1}
          style={
            Object {
              "color": "#b6c1cd",
              "fontSize": 13,
              "textAlign": "center",
              "width": 32,
            }
          }
        >
          Sun
        </Text>
      </View>
    </View>
    <View
      accessibilityComponentType="button"
      accessibilityTraits={
        Array [
          "button",
        ]
      }
      accessible={true}
      isTVSelectable={true}
      onResponderGrant={[Function]}
      onResponderMove={[Function]}
      onResponderRelease={[Function]}
      onResponderTerminate={[Function]}
      onResponderTerminationRequest={[Function]}
      onStartShouldSetResponder={[Function]}
      style={
        Object {
          "opacity": 1,
        }
      }
    >
      <View
        style={
          Array [
            Object {},
          ]
        }
      >
        <Text
          accessible={true}
          allowFontScaling={true}
          ellipsizeMode="tail"
          style={
            Array [
              Object {
                "color": "#007AFF",
                "fontSize": 18,
                "padding": 8,
                "textAlign": "center",
              },
            ]
          }
        >
          Add Event
        </Text>
      </View>
    </View>
  </View>
</View>
`;
