// Jest Snapshot v1, https://goo.gl/fbAQLP

exports[`renders correctly 1`] = `
<View>
  <View>
    <View />
    <View>
      <TextInput
        allowFontScaling={true}
        onChangeText={[Function]}
        style={
          Object {
            "borderColor": "gray",
            "borderWidth": 1,
            "height": 40,
          }
        }
        value=""
      />
      <TextInput
        allowFontScaling={true}
        onChangeText={[Function]}
        style={
          Object {
            "borderColor": "gray",
            "borderWidth": 1,
            "height": 40,
          }
        }
        value=""
      />
      <View
        accessibilityComponentType="button"
        accessibilityLabel="accessibilityLabel er denne teksten"
        accessibilityTraits={
          Array [
            "button",
          ]
        }
        accessible={true}
        isTVSelectable={true}
        onResponderGrant={[Function]}
        onResponderMove={[Function]}
        onResponderRelease={[Function]}
        onResponderTerminate={[Function]}
        onResponderTerminationRequest={[Function]}
        onStartShouldSetResponder={[Function]}
        style={
          Object {
            "opacity": 1,
          }
        }
      >
        <View
          style={
            Array [
              Object {},
            ]
          }
        >
          <Text
            accessible={true}
            allowFontScaling={true}
            ellipsizeMode="tail"
            style={
              Array [
                Object {
                  "color": "#007AFF",
                  "fontSize": 18,
                  "padding": 8,
                  "textAlign": "center",
                },
                Object {
                  "color": "#4a4",
                },
              ]
            }
          >
            Add
          </Text>
        </View>
      </View>
    </View>
  </View>
</View>
`;
