// Jest Snapshot v1, https://goo.gl/fbAQLP

exports[`renders correctly 1`] = `
<View>
  <Text
    accessible={true}
    allowFontScaling={true}
    ellipsizeMode="tail"
  >
    Dine m√•l er: 
    
  </Text>
  <TextInput
    allowFontScaling={true}
    onSubmitEditing={[Function]}
  />
</View>
`;
